{
	"ID": "example-gateway",
	"Repository": "",
	"Team": "",
	"Tier": 0,
	"ThriftRootDir": "./idl",
	"PackageRoot": "github.com/uber/zanzibar/examples/example-gateway",
	"ManagedThriftFolder": "./github.com/uber/zanzibar",
	"GenCodePackage": "github.com/uber/zanzibar/examples/example-gateway/build/gen-code",
	"TargetGenDir": "./build",
	"ClientConfigDir": "./clients",
	"EndpointConfigDir": "./endpoints",
	"MiddlewareConfigFile": "./middlewares/middleware-config.json",
	"Endpoints": {
		"bar.argNotStruct": {
			"endpointId": "bar",
			"endpointType": "http",
			"handleId": "argNotStruct",
			"thriftFile": "endpoints/bar/bar.thrift",
			"thriftMethodName": "Bar::argNotStruct",
			"workflowType": "httpClient",
			"clientId": "bar",
			"clientMethod": "ArgNotStruct",
			"testFixtures": null,
			"middlewares": null,
			"reqHeaderMap": null,
			"resHeaderMap": null
		},
		"bar.argWithHeaders": {
			"endpointId": "bar",
			"endpointType": "http",
			"handleId": "argWithHeaders",
			"thriftFile": "endpoints/bar/bar.thrift",
			"thriftMethodName": "Bar::argWithHeaders",
			"workflowType": "httpClient",
			"clientId": "bar",
			"clientMethod": "ArgWithHeaders",
			"testFixtures": null,
			"middlewares": null,
			"reqHeaderMap": null,
			"resHeaderMap": null
		},
		"bar.argWithManyQueryParams": {
			"endpointId": "bar",
			"endpointType": "http",
			"handleId": "argWithManyQueryParams",
			"thriftFile": "endpoints/bar/bar.thrift",
			"thriftMethodName": "Bar::argWithManyQueryParams",
			"workflowType": "httpClient",
			"clientId": "bar",
			"clientMethod": "ArgWithManyQueryParams",
			"testFixtures": null,
			"middlewares": null,
			"reqHeaderMap": null,
			"resHeaderMap": null
		},
		"bar.argWithNestedQueryParams": {
			"endpointId": "bar",
			"endpointType": "http",
			"handleId": "argWithNestedQueryParams",
			"thriftFile": "endpoints/bar/bar.thrift",
			"thriftMethodName": "Bar::argWithNestedQueryParams",
			"workflowType": "httpClient",
			"clientId": "bar",
			"clientMethod": "ArgWithNestedQueryParams",
			"testFixtures": null,
			"middlewares": null,
			"reqHeaderMap": null,
			"resHeaderMap": null
		},
		"bar.argWithParams": {
			"endpointId": "bar",
			"endpointType": "http",
			"handleId": "argWithParams",
			"thriftFile": "endpoints/bar/bar.thrift",
			"thriftMethodName": "Bar::argWithParams",
			"workflowType": "httpClient",
			"clientId": "bar",
			"clientMethod": "ArgWithParams",
			"testFixtures": null,
			"middlewares": null,
			"reqHeaderMap": null,
			"resHeaderMap": null
		},
		"bar.argWithQueryHeader": {
			"endpointId": "bar",
			"endpointType": "http",
			"handleId": "argWithQueryHeader",
			"thriftFile": "endpoints/bar/bar.thrift",
			"thriftMethodName": "Bar::argWithQueryHeader",
			"workflowType": "httpClient",
			"clientId": "bar",
			"clientMethod": "ArgWithQueryHeader",
			"testFixtures": null,
			"middlewares": null,
			"reqHeaderMap": null,
			"resHeaderMap": null
		},
		"bar.argWithQueryParams": {
			"endpointId": "bar",
			"endpointType": "http",
			"handleId": "argWithQueryParams",
			"thriftFile": "endpoints/bar/bar.thrift",
			"thriftMethodName": "Bar::argWithQueryParams",
			"workflowType": "httpClient",
			"clientId": "bar",
			"clientMethod": "ArgWithQueryParams",
			"testFixtures": null,
			"middlewares": null,
			"reqHeaderMap": null,
			"resHeaderMap": null
		},
		"bar.helloWorld": {
			"endpointId": "bar",
			"endpointType": "http",
			"handleId": "helloWorld",
			"thriftFile": "endpoints/bar/bar.thrift",
			"thriftMethodName": "Bar::helloWorld",
			"workflowType": "httpClient",
			"clientId": "bar",
			"clientMethod": "Hello",
			"testFixtures": null,
			"middlewares": null,
			"reqHeaderMap": null,
			"resHeaderMap": null
		},
		"bar.missingArg": {
			"endpointId": "bar",
			"endpointType": "http",
			"handleId": "missingArg",
			"thriftFile": "endpoints/bar/bar.thrift",
			"thriftMethodName": "Bar::missingArg",
			"workflowType": "httpClient",
			"clientId": "bar",
			"clientMethod": "MissingArg",
			"testFixtures": null,
			"middlewares": null,
			"reqHeaderMap": null,
			"resHeaderMap": null
		},
		"bar.noRequest": {
			"endpointId": "bar",
			"endpointType": "http",
			"handleId": "noRequest",
			"thriftFile": "endpoints/bar/bar.thrift",
			"thriftMethodName": "Bar::noRequest",
			"workflowType": "httpClient",
			"clientId": "bar",
			"clientMethod": "NoRequest",
			"testFixtures": null,
			"middlewares": null,
			"reqHeaderMap": null,
			"resHeaderMap": null
		},
		"bar.normal": {
			"endpointId": "bar",
			"endpointType": "http",
			"handleId": "normal",
			"thriftFile": "endpoints/bar/bar.thrift",
			"thriftMethodName": "Bar::normal",
			"workflowType": "httpClient",
			"clientId": "bar",
			"clientMethod": "Normal",
			"testFixtures": null,
			"middlewares": null,
			"reqHeaderMap": null,
			"resHeaderMap": null
		},
		"bar.tooManyArgs": {
			"endpointId": "bar",
			"endpointType": "http",
			"handleId": "tooManyArgs",
			"thriftFile": "endpoints/bar/bar.thrift",
			"thriftMethodName": "Bar::tooManyArgs",
			"workflowType": "httpClient",
			"clientId": "bar",
			"clientMethod": "TooManyArgs",
			"testFixtures": null,
			"middlewares": null,
			"reqHeaderMap": null,
			"resHeaderMap": null
		},
		"baz.call": {
			"endpointId": "baz",
			"endpointType": "http",
			"handleId": "call",
			"thriftFile": "endpoints/baz/baz.thrift",
			"thriftMethodName": "SimpleService::call",
			"workflowType": "tchannelClient",
			"clientId": "baz",
			"clientMethod": "Call",
			"testFixtures": null,
			"middlewares": null,
			"reqHeaderMap": null,
			"resHeaderMap": null
		},
		"baz.compare": {
			"endpointId": "baz",
			"endpointType": "http",
			"handleId": "compare",
			"thriftFile": "endpoints/baz/baz.thrift",
			"thriftMethodName": "SimpleService::compare",
			"workflowType": "tchannelClient",
			"clientId": "baz",
			"clientMethod": "Compare",
			"testFixtures": null,
			"middlewares": null,
			"reqHeaderMap": null,
			"resHeaderMap": null
		},
		"baz.ping": {
			"endpointId": "baz",
			"endpointType": "http",
			"handleId": "ping",
			"thriftFile": "endpoints/baz/baz.thrift",
			"thriftMethodName": "SimpleService::ping",
			"workflowType": "tchannelClient",
			"clientId": "baz",
			"clientMethod": "Ping",
			"testFixtures": null,
			"middlewares": null,
			"reqHeaderMap": null,
			"resHeaderMap": null
		},
		"baz.sillyNoop": {
			"endpointId": "baz",
			"endpointType": "http",
			"handleId": "sillyNoop",
			"thriftFile": "endpoints/baz/baz.thrift",
			"thriftMethodName": "SimpleService::sillyNoop",
			"workflowType": "tchannelClient",
			"clientId": "baz",
			"clientMethod": "DeliberateDiffNoop",
			"testFixtures": null,
			"middlewares": null,
			"reqHeaderMap": null,
			"resHeaderMap": null
		},
		"baz.trans": {
			"endpointId": "baz",
			"endpointType": "http",
			"handleId": "trans",
			"thriftFile": "endpoints/baz/baz.thrift",
			"thriftMethodName": "SimpleService::trans",
			"workflowType": "tchannelClient",
			"clientId": "baz",
			"clientMethod": "Trans",
			"testFixtures": null,
			"middlewares": null,
			"reqHeaderMap": null,
			"resHeaderMap": null
		},
		"bazTChannel.call": {
			"endpointId": "bazTChannel",
			"endpointType": "tchannel",
			"handleId": "call",
			"thriftFile": "endpoints/tchannel/baz/baz.thrift",
			"thriftMethodName": "SimpleService::Call",
			"workflowType": "custom",
			"clientId": "",
			"clientMethod": "",
			"testFixtures": null,
			"middlewares": null,
			"reqHeaderMap": null,
			"resHeaderMap": null
		},
		"contacts.saveContacts": {
			"endpointId": "contacts",
			"endpointType": "http",
			"handleId": "saveContacts",
			"thriftFile": "endpoints/contacts/contacts.thrift",
			"thriftMethodName": "Contacts::saveContacts",
			"workflowType": "custom",
			"clientId": "",
			"clientMethod": "",
			"testFixtures": null,
			"middlewares": null,
			"reqHeaderMap": null,
			"resHeaderMap": null
		},
		"googlenow.addCredentials": {
			"endpointId": "googlenow",
			"endpointType": "http",
			"handleId": "addCredentials",
			"thriftFile": "endpoints/googlenow/googlenow.thrift",
			"thriftMethodName": "GoogleNow::addCredentials",
			"workflowType": "httpClient",
			"clientId": "google-now",
			"clientMethod": "AddCredentials",
			"testFixtures": null,
			"middlewares": null,
			"reqHeaderMap": null,
			"resHeaderMap": null
		},
		"googlenow.checkCredentials": {
			"endpointId": "googlenow",
			"endpointType": "http",
			"handleId": "checkCredentials",
			"thriftFile": "endpoints/googlenow/googlenow.thrift",
			"thriftMethodName": "GoogleNow::checkCredentials",
			"workflowType": "httpClient",
			"clientId": "google-now",
			"clientMethod": "CheckCredentials",
			"testFixtures": null,
			"middlewares": null,
			"reqHeaderMap": null,
			"resHeaderMap": null
		}
	},
	"Clients": {
		"bar": {
			"name": "bar",
			"type": "http",
			"thriftFile": "clients/bar/bar.thrift",
			"exposedMethods": {
				"ArgNotStruct": "Bar::argNotStruct",
				"ArgWithHeaders": "Bar::argWithHeaders",
				"ArgWithManyQueryParams": "Bar::argWithManyQueryParams",
				"ArgWithNestedQueryParams": "Bar::argWithNestedQueryParams",
				"ArgWithParams": "Bar::argWithParams",
				"ArgWithQueryHeader": "Bar::argWithQueryHeader",
				"ArgWithQueryParams": "Bar::argWithQueryParams",
				"EchoBinary": "Echo::echoBinary",
				"EchoBool": "Echo::echoBool",
				"EchoDouble": "Echo::echoDouble",
				"EchoEnum": "Echo::echoEnum",
				"EchoI16": "Echo::echoI16",
				"EchoI32": "Echo::echoI32",
				"EchoI32Map": "Echo::echoI32Map",
				"EchoI64": "Echo::echoI64",
				"EchoI8": "Echo::echoI8",
				"EchoString": "Echo::echoString",
				"EchoStringList": "Echo::echoStringList",
				"EchoStringMap": "Echo::echoStringMap",
				"EchoStringSet": "Echo::echoStringSet",
				"EchoStructList": "Echo::echoStructList",
				"EchoStructMap": "Echo::echoStructMap",
				"EchoStructSet": "Echo::echoStructSet",
				"EchoTypedef": "Echo::echoTypedef",
				"Hello": "Bar::helloWorld",
				"MissingArg": "Bar::missingArg",
				"NoRequest": "Bar::noRequest",
				"Normal": "Bar::normal",
				"NormalRecur": "Bar::normalRecur",
				"TestURL": "Bar::testUrl",
				"TooManyArgs": "Bar::tooManyArgs"
			},
			"ip": "127.0.0.1",
			"port": 4001,
			"routingKey": ""
		},
		"baz": {
			"name": "baz",
			"type": "tchannel",
			"thriftFile": "clients/baz/baz.thrift",
			"serviceName": "Qux",
			"exposedMethods": {
				"Call": "SimpleService::call",
				"Compare": "SimpleService::compare",
				"DeliberateDiffNoop": "SimpleService::sillyNoop",
				"EchoBinary": "SecondService::echoBinary",
				"EchoBool": "SecondService::echoBool",
				"EchoDouble": "SecondService::echoDouble",
				"EchoEnum": "SecondService::echoEnum",
				"EchoI16": "SecondService::echoI16",
				"EchoI32": "SecondService::echoI32",
				"EchoI64": "SecondService::echoI64",
				"EchoI8": "SecondService::echoI8",
				"EchoString": "SecondService::echoString",
				"EchoStringList": "SecondService::echoStringList",
				"EchoStringMap": "SecondService::echoStringMap",
				"EchoStringSet": "SecondService::echoStringSet",
				"EchoStructList": "SecondService::echoStructList",
				"EchoStructMap": "SecondService::echoStructMap",
				"EchoStructSet": "SecondService::echoStructSet",
				"EchoTypedef": "SecondService::echoTypedef",
				"Ping": "SimpleService::ping",
				"Trans": "SimpleService::trans"
			},
			"ip": "127.0.0.1",
			"port": 4002,
			"clientTimeout": 10000,
			"clientTimeoutPerAttempt": 2000,
			"routingKey": ""
		},
		"contacts": {
			"name": "contacts",
			"type": "http",
			"thriftFile": "clients/contacts/contacts.thrift",
			"exposedMethods": {
				"SaveContacts": "Contacts::saveContacts"
			},
			"ip": "127.0.0.1",
			"port": 4000,
			"routingKey": ""
		},
		"corge": {
			"name": "corge",
			"type": "tchannel",
			"thriftFile": "clients/corge/corge.thrift",
			"serviceName": "Corge",
			"exposedMethods": {
				"EchoString": "Corge::echoString"
			},
			"ip": "127.0.0.1",
			"port": 5000,
			"clientTimeout": 10000,
			"clientTimeoutPerAttempt": 2000,
			"routingKey": ""
		},
		"google-now": {
			"name": "google-now",
			"type": "http",
			"thriftFile": "clients/googlenow/googlenow.thrift",
			"exposedMethods": {
				"AddCredentials": "GoogleNowService::addCredentials",
				"CheckCredentials": "GoogleNowService::checkCredentials"
			},
			"ip": "127.0.0.1",
			"port": 14120,
			"routingKey": ""
		},
		"quux": {
			"name": "quux",
			"type": "custom",
			"routingKey": ""
		}
	},
	"ThriftServices": {
		"clients/bar/bar.thrift": {
			"Bar": {
				"Name": "Bar",
				"Path": "clients/bar/bar.thrift",
				"Methods": [
					{
						"Name": "argNotStruct",
						"Type": "http"
					},
					{
						"Name": "argWithHeaders",
						"Type": "http"
					},
					{
						"Name": "argWithManyQueryParams",
						"Type": "http"
					},
					{
						"Name": "argWithNestedQueryParams",
						"Type": "http"
					},
					{
						"Name": "argWithParams",
						"Type": "http"
					},
					{
						"Name": "argWithQueryHeader",
						"Type": "http"
					},
					{
						"Name": "argWithQueryParams",
						"Type": "http"
					},
					{
						"Name": "helloWorld",
						"Type": "http"
					},
					{
						"Name": "missingArg",
						"Type": "http"
					},
					{
						"Name": "noRequest",
						"Type": "http"
					},
					{
						"Name": "normal",
						"Type": "http"
					},
					{
						"Name": "normalRecur",
						"Type": "http"
					},
					{
						"Name": "testUrl",
						"Type": "http"
					},
					{
						"Name": "tooManyArgs",
						"Type": "http"
					}
				]
			},
			"Echo": {
				"Name": "Echo",
				"Path": "clients/bar/bar.thrift",
				"Methods": [
					{
						"Name": "echoBinary",
						"Type": "http"
					},
					{
						"Name": "echoBool",
						"Type": "http"
					},
					{
						"Name": "echoDouble",
						"Type": "http"
					},
					{
						"Name": "echoEnum",
						"Type": "http"
					},
					{
						"Name": "echoI16",
						"Type": "http"
					},
					{
						"Name": "echoI32",
						"Type": "http"
					},
					{
						"Name": "echoI32Map",
						"Type": "http"
					},
					{
						"Name": "echoI64",
						"Type": "http"
					},
					{
						"Name": "echoI8",
						"Type": "http"
					},
					{
						"Name": "echoString",
						"Type": "http"
					},
					{
						"Name": "echoStringList",
						"Type": "http"
					},
					{
						"Name": "echoStringMap",
						"Type": "http"
					},
					{
						"Name": "echoStringSet",
						"Type": "http"
					},
					{
						"Name": "echoStructList",
						"Type": "http"
					},
					{
						"Name": "echoStructMap",
						"Type": "http"
					},
					{
						"Name": "echoStructSet",
						"Type": "http"
					},
					{
						"Name": "echoTypedef",
						"Type": "http"
					}
				]
			}
		},
		"clients/baz/base.thrift": {},
		"clients/baz/baz.thrift": {
			"SecondService": {
				"Name": "SecondService",
				"Path": "clients/baz/baz.thrift",
				"Methods": [
					{
						"Name": "echoBinary",
						"Type": "tchannel"
					},
					{
						"Name": "echoBool",
						"Type": "tchannel"
					},
					{
						"Name": "echoDouble",
						"Type": "tchannel"
					},
					{
						"Name": "echoEnum",
						"Type": "tchannel"
					},
					{
						"Name": "echoI16",
						"Type": "tchannel"
					},
					{
						"Name": "echoI32",
						"Type": "tchannel"
					},
					{
						"Name": "echoI64",
						"Type": "tchannel"
					},
					{
						"Name": "echoI8",
						"Type": "tchannel"
					},
					{
						"Name": "echoString",
						"Type": "tchannel"
					},
					{
						"Name": "echoStringList",
						"Type": "tchannel"
					},
					{
						"Name": "echoStringMap",
						"Type": "tchannel"
					},
					{
						"Name": "echoStringSet",
						"Type": "tchannel"
					},
					{
						"Name": "echoStructList",
						"Type": "tchannel"
					},
					{
						"Name": "echoStructMap",
						"Type": "tchannel"
					},
					{
						"Name": "echoStructSet",
						"Type": "tchannel"
					},
					{
						"Name": "echoTypedef",
						"Type": "tchannel"
					}
				]
			},
			"SimpleService": {
				"Name": "SimpleService",
				"Path": "clients/baz/baz.thrift",
				"Methods": [
					{
						"Name": "call",
						"Type": "tchannel"
					},
					{
						"Name": "compare",
						"Type": "tchannel"
					},
					{
						"Name": "ping",
						"Type": "tchannel"
					},
					{
						"Name": "sillyNoop",
						"Type": "tchannel"
					},
					{
						"Name": "trans",
						"Type": "tchannel"
					}
				]
			}
		},
		"clients/contacts/contacts.thrift": {
			"Contacts": {
				"Name": "Contacts",
				"Path": "clients/contacts/contacts.thrift",
				"Methods": [
					{
						"Name": "saveContacts",
						"Type": "http"
					}
				]
			}
		},
		"clients/corge/corge.thrift": {
			"Corge": {
				"Name": "Corge",
				"Path": "clients/corge/corge.thrift",
				"Methods": [
					{
						"Name": "echoBool",
						"Type": "tchannel"
					},
					{
						"Name": "echoString",
						"Type": "tchannel"
					}
				]
			}
		},
		"clients/foo/base/base.thrift": {},
		"clients/foo/foo.thrift": {},
		"clients/googlenow/googlenow.thrift": {
			"GoogleNowService": {
				"Name": "GoogleNowService",
				"Path": "clients/googlenow/googlenow.thrift",
				"Methods": [
					{
						"Name": "addCredentials",
						"Type": "http"
					},
					{
						"Name": "checkCredentials",
						"Type": "http"
					}
				]
			}
		},
		"endpoints/bar/bar.thrift": {
			"Bar": {
				"Name": "Bar",
				"Path": "endpoints/bar/bar.thrift",
				"Methods": [
					{
						"Name": "argNotStruct",
						"Type": "http"
					},
					{
						"Name": "argWithHeaders",
						"Type": "http"
					},
					{
						"Name": "argWithManyQueryParams",
						"Type": "http"
					},
					{
						"Name": "argWithNestedQueryParams",
						"Type": "http"
					},
					{
						"Name": "argWithParams",
						"Type": "http"
					},
					{
						"Name": "argWithQueryHeader",
						"Type": "http"
					},
					{
						"Name": "argWithQueryParams",
						"Type": "http"
					},
					{
						"Name": "helloWorld",
						"Type": "http"
					},
					{
						"Name": "missingArg",
						"Type": "http"
					},
					{
						"Name": "noRequest",
						"Type": "http"
					},
					{
						"Name": "normal",
						"Type": "http"
					},
					{
						"Name": "testUrl",
						"Type": "http"
					},
					{
						"Name": "tooManyArgs",
						"Type": "http"
					}
				]
			}
		},
		"endpoints/baz/baz.thrift": {
			"SimpleService": {
				"Name": "SimpleService",
				"Path": "endpoints/baz/baz.thrift",
				"Methods": [
					{
						"Name": "call",
						"Type": "http"
					},
					{
						"Name": "compare",
						"Type": "http"
					},
					{
						"Name": "ping",
						"Type": "http"
					},
					{
						"Name": "sillyNoop",
						"Type": "http"
					},
					{
						"Name": "trans",
						"Type": "http"
					}
				]
			}
		},
		"endpoints/contacts/contacts.thrift": {
			"Contacts": {
				"Name": "Contacts",
				"Path": "endpoints/contacts/contacts.thrift",
				"Methods": [
					{
						"Name": "saveContacts",
						"Type": "http"
					}
				]
			}
		},
		"endpoints/foo/base/base.thrift": {},
		"endpoints/foo/foo.thrift": {},
		"endpoints/googlenow/googlenow.thrift": {
			"GoogleNow": {
				"Name": "GoogleNow",
				"Path": "endpoints/googlenow/googlenow.thrift",
				"Methods": [
					{
						"Name": "addCredentials",
						"Type": "http"
					},
					{
						"Name": "checkCredentials",
						"Type": "http"
					}
				]
			}
		},
		"endpoints/tchannel/baz/baz.thrift": {
			"SimpleService": {
				"Name": "SimpleService",
				"Path": "endpoints/tchannel/baz/baz.thrift",
				"Methods": [
					{
						"Name": "Call",
						"Type": "http"
					},
					{
						"Name": "Compare",
						"Type": "http"
					},
					{
						"Name": "Ping",
						"Type": "http"
					},
					{
						"Name": "SillyNoop",
						"Type": "http"
					}
				]
			}
		}
	},
	"Middlewares": {
		"example": {
			"$schema": "http://json-schema.org/schema#",
			"properties": {
				"Bar": {
					"type": "integer"
				},
				"Baz": {
					"items": {
						"type": "string"
					},
					"type": "array"
				},
				"Foo": {
					"type": "string"
				}
			},
			"required": [
				"Foo"
			],
			"type": "object"
		},
		"example_reader": {
			"$schema": "http://json-schema.org/schema#",
			"properties": {
				"Foo": {
					"type": "string"
				}
			},
			"required": [
				"Foo"
			],
			"type": "object"
		}
	},
	"RawMiddlewares": {
		"example": {
			"name": "example",
			"schema": "./middlewares/example/example_schema.json",
			"importPath": "github.com/uber/zanzibar/examples/example-gateway/middlewares/example"
		},
		"example_reader": {
			"name": "example_reader",
			"schema": "./middlewares/example_reader/example_reader_schema.json",
			"importPath": "github.com/uber/zanzibar/examples/example-gateway/middlewares/example_reader"
		}
	}
}